// Jest Snapshot v1, https://goo.gl/fbAQLP

exports[`<Button /> should render correctly 1`] = `
<View
  accessibilityState={
    {
      "busy": undefined,
      "checked": undefined,
      "disabled": undefined,
      "expanded": undefined,
      "selected": undefined,
    }
  }
  accessibilityValue={
    {
      "max": undefined,
      "min": undefined,
      "now": undefined,
      "text": undefined,
    }
  }
  accessible={true}
  collapsable={false}
  focusable={false}
  onClick={[Function]}
  onResponderGrant={[Function]}
  onResponderMove={[Function]}
  onResponderRelease={[Function]}
  onResponderTerminate={[Function]}
  onResponderTerminationRequest={[Function]}
  onStartShouldSetResponder={[Function]}
  style={
    {
      "alignItems": "center",
      "backgroundColor": "#000",
      "borderBottomLeftRadius": 5,
      "borderBottomRightRadius": 5,
      "borderTopLeftRadius": 5,
      "borderTopRightRadius": 5,
      "flexDirection": "row",
      "gap": 15.714285714285714,
      "justifyContent": "center",
      "opacity": 1,
      "paddingBottom": 10,
      "paddingLeft": 10,
      "paddingRight": 10,
      "paddingTop": 10,
    }
  }
  testID="button-container"
>
  <Text
    style={
      {
        "color": "#fff",
        "fontSize": 25.142857142857142,
      }
    }
  >
    Test
  </Text>
</View>
`;
